[Bootstrap]
SetupTitle=Install
SetupText=Copying Files, please stand by.
CabFile=pengujian.CAB
Spawn=Setup1.exe
Uninstal=st6unst.exe
TmpDir=msftqws.pdw
Cabs=1

[Bootstrap Files]
File1=@VB6STKIT.DLL,$(WinSysPathSysFile),,,3/26/99 12:00:00 AM,101888,6.0.84.50
File2=@COMCAT.DLL,$(WinSysPathSysFile),$(DLLSelfRegister),,5/31/98 12:00:00 AM,22288,4.71.1460.1
File3=@olepro32.dll,$(WinSysPathSysFile),$(DLLSelfRegister),,2/28/06 12:00:00 PM,83456,5.1.2600.2180
File4=@stdole2.tlb,$(WinSysPathSysFile),$(TLBRegister),,2/28/06 12:00:00 PM,17920,3.50.5014.0
File5=@asycfilt.dll,$(WinSysPathSysFile),,,2/28/06 12:00:00 PM,65024,5.1.2600.2180
File6=@oleaut32.dll,$(WinSysPathSysFile),$(DLLSelfRegister),,2/28/06 12:00:00 PM,553472,5.1.2600.2180
File7=@msvbvm60.dll,$(WinSysPathSysFile),$(DLLSelfRegister),,2/23/04 12:00:00 AM,1386496,6.0.97.82

[IconGroups]
Group0=Pertanian DKI
PrivateGroup0=True
Parent0=$(Programs)

[Pertanian DKI]
Icon1="pengujian.exe"
Title1=Aplikasi Penerimaan Sample
StartIn1=$(AppPath)
Icon2="backup.exe"
Title2=Backup Data Penerimaan Sample
StartIn2=$(AppPath)

[Setup]
Title=Peringatan: Reinstall akan menimpa database bila sudah ada
DefaultDir=$(ProgramFiles)\Pengujian
AppExe=pengujian.exe
AppToUninstall=pengujian.exe

[Setup1 Files]
File1=@database.mdb,$(AppPath),,,4/16/08 2:52:00 PM,198656,0.0.0.0
File2=@backup.exe,$(AppPath),,,4/17/08 10:55:58 PM,45056,1.0.0.0
File3=@comdlg32.ocx,$(WinSysPath),$(DLLSelfRegister),$(Shared),3/9/04 12:00:00 AM,152848,6.1.97.82
File4=@msderun.dll,$(WinSysPath),$(DLLSelfRegister),$(Shared),4/3/00 5:54:00 PM,136192,6.0.88.4
File5=@P2smon.dll,$(WinSysPath),,$(Shared),2/3/01 1:26:54 AM,163840,8.5.0.12
File6=@PG32CONV.DLL,$(AppPath),,,9/22/99 12:00:00 AM,100352,0.0.0.0
File7=@SSCSDK80.DLL,$(WinSysPath),,$(Shared),11/16/00 1:54:18 PM,1163264,2.2.9.4
File8=@mfc42.dll,$(WinSysPath),$(DLLSelfRegister),$(Shared),2/28/06 12:00:00 PM,1028096,6.2.4131.0
File9=@msvcrt.dll,$(WinSysPath),,$(Shared),2/28/06 12:00:00 PM,343040,7.0.2600.2180
File10=@Crpaig80.dll,$(WinSysPath),,$(Shared),11/9/00 1:52:00 PM,618496,8.0.1.3
File11=@Implode.dll,$(AppPath),,,10/25/00 5:15:00 PM,17920,0.0.0.0
File12=@craxddrt.dll,$(WinSysPath),$(DLLSelfRegister),$(Shared),2/9/01 5:47:40 PM,8646715,8.5.0.217
File13=@craxdrt.dll,$(WinSysPath),$(DLLSelfRegister),$(Shared),2/9/01 5:49:22 PM,5152826,8.5.0.217
File14=@crviewer.dll,$(WinSysPath),$(DLLSelfRegister),$(Shared),2/3/01 12:05:58 AM,664576,8.5.0.217
File15=@TABCTL32.OCX,$(WinSysPath),$(DLLSelfRegister),$(Shared),3/9/04 12:00:00 AM,224016,6.1.97.82
File16=@msstdfmt.dll,$(WinSysPath),$(DLLSelfRegister),$(Shared),11/8/07 8:19:22 AM,129024,6.1.98.4
File17=@msdbrptr.dll,$(WinSysPath),$(DLLSelfRegister),$(Shared),4/3/00 8:05:00 PM,299008,6.0.88.4
File18=@mscomctl.ocx,$(WinSysPath),$(DLLSelfRegister),$(Shared),3/9/04 12:00:00 AM,1081616,6.1.97.82
File19=@mscomct2.ocx,$(WinSysPath),$(DLLSelfRegister),$(Shared),3/9/04 12:00:00 AM,662288,6.1.97.82
File20=@MSDATLST.OCX,$(WinSysPath),$(DLLSelfRegister),$(Shared),1/11/01 4:22:56 PM,232456,6.0.84.18
File21=@MSBIND.DLL,$(WinSysPath),$(DLLSelfRegister),$(Shared),2/23/04 12:00:00 AM,78848,6.1.97.82
File22=@msado25.tlb,$(WinSysPath),,$(Shared),2/28/06 12:00:00 PM,81920,2.81.1117.0
File23=@msadodc.ocx,$(WinSysPath),$(DLLSelfRegister),$(Shared),3/9/04 12:00:00 AM,131856,6.1.97.82
File24=@MSDATGRD.OCX,$(WinSysPath),$(DLLSelfRegister),$(Shared),3/9/04 12:00:00 AM,275216,6.1.97.82
File25=@pengujian.exe,$(AppPath),,,4/17/08 10:54:54 PM,1224704,1.0.0.0

; The following lines may be deleted in order to obtain extra 
; space for customizing this file on a full installation diskette.
; 
; XXXXXXXXXXXXXXXXXXXXXXXXXXXXXXXXXXXXXXXXXXXXXXXXXXXXXXXXXXXX
; XXXXXXXXXXXXXXXXXXXXXXXXXXXXXXXXXXXXXXXXXXXXXXXXXXXXXXXXXXXX
; XXXXXXXXXXXXXXXXXXXXXXXXXXXXXXXXXXXXXXXXXXXXXXXXXXXXXXXXXXXX
; XXXXXXXXXXXXXXXXXXXXXXXXXXXXXXXXXXXXXXXXXXXXXXXXXXXXXXXXXXXX
; XXXXXXXXXXXXXXXXXXXXXXXXXXXXXXXXXXXXXXXXXXXXXXXXXXXXXXXXXXXX
; XXXXXXXXXXXXXXXXXXXXXXXXXXXXXXXXXXXXXXXXXXXXXXXXXXXXXXXXXXXX
; XXXXXXXXXXXXXXXXXXXXXXXXXXXXXXXXXXXXXXXXXXXXXXXXXXXXXXXXXXXX
; XXXXXXXXXXXXXXXXXXXXXXXXXXXXXXXXXXXXXXXXXXXXXXXXXXXXXXXXXXXX
; XXXXXXXXXXXXXXXXXXXXXXXXXXXXXXXXXXXXXXXXXXXXXXXXXXXXXXXXXXXX
; XXXXXXXXXXXXXXXXXXXXXXXXXXXXXXXXXXXXXXXXXXXXXXXXXXXXXXXXXXXX
; XXXXXXXXXXXXXXXXXXXXXXXXXXXXXXXXXXXXXXXXXXXXXXXXXXXXXXXXXXXX
; XXXXXXXXXXXXXXXXXXXXXXXXXXXXXXXXXXXXXXXXXXXXXXXXXXXXXXXXXXXX
; XXXXXXXXXXXXXXXXXXXXXXXXXXXXXXXXXXXXXXXXXXXXXXXXXXXXXXXXXXXX
; XXXXXXXXXXXXXXXXXXXXXXXXXXXXXXXXXXXXXXXXXXXXXXXXXXXXXXXXXXXX
; XXXXXXXXXXXXXXXXXXXXXXXXXXXXXXXXXXXXXXXXXXXXXXXXXXXXXXXXXXXX
; XXXXXXXXXXXXXXXXXXXXXXXXXXXXXXXXXXXXXXXXXXXXXXXXXXXXXXXXXXXX
; XXXXXXXXXXXXXXXXXXXXXXXXXXXXXXXXXXXXXXXXXXXXXXXXXXXXXXXXXXXX
; XXXXXXXXXXXXXXXXXXXXXXXXXXXXXXXXXXXXXXXXXXXXXXXXXXXXXXXXXXXX
; XXXXXXXXXXXXXXXXXXXXXXXXXXXXXXXXXXXXXXXXXXXXXXXXXXXXXXXXXXXX
; XXXXXXXXXXXXXXXXXXXXXXXXXXXXXXXXXXXXXXXXXXXXXXXXXXXXXXXXXXXX
; XXXXXXXXXXXXXXXXXXXXXXXXXXXXXXXXXXXXXXXXXXXXXXXXXXXXXXXXXXXX
; XXXXXXXXXXXXXXXXXXXXXXXXXXXXXXXXXXXXXXXXXXXXXXXXXXXXXXXXXXXX
; XXXXXXXXXXXXXXXXXXXXXXXXXXXXXXXXXXXXXXXXXXXXXXXXXXXXXXXXXXXX
; XXXXXXXXXXXXXXXXXXXXXXXXXXXXXXXXXXXXXXXXXXXXXXXXXXXXXXXXXXXX
; XXXXXXXXXXXXXXXXXXXXXXXXXXXXXXXXXXXXXXXXXXXXXXXXXXXXXXXXXXXX
; XXXXXXXXXXXXXXXXXXXXXXXXXXXXXXXXXXXXXXXXXXXXXXXXXXXXXXXXXXXX
; XXXXXXXXXXXXXXXXXXXXXXXXXXXXXXXXXXXXXXXXXXXXXXXXXXXXXXXXXXXX
; XXXXXXXXXXXXXXXXXXXXXXXXXXXXXXXXXXXXXXXXXXXXXXXXXXXXXXXXXXXX
; XXXXXXXXXXXXXXXXXXXXXXXXXXXXXXXXXXXXXXXXXXXXXXXXXXXXXXXXXXXX
; XXXXXXXXXXXXXXXXXXXXXXXXXXXXXXXXXXXXXXXXXXXXXXXXXXXXXXXXXXXX
; XXXXXXXXXXXXXXXXXXXXXXXXXXXXXXXXXXXXXXXXXXXXXXXXXXXXXXXXXXXX
; XXXXXXXXXXXXXXXXXXXXXXXXXXXXXXXXXXXXXXXXXXXXXXXXXXXXXXXXXXXX
; XXXXXXXXXXXXXXXXXXXXXXXXXXXXXXXXXXXXXXXXXXXXXXXXXXXXXXXXXXXX
; XXXXXXXXXXXXXXXXXXXXXXXXXXXXXXXXXXXXXXXXXXXXXXXXXXXXXXXXXXXX
; XXXXXXXXXXXXXXXXXXXXXXXXXXXXXXXXXXXXXXXXXXXXXXXXXXXXXXXXXXXX
